Анализируемый файл "arabRU.in"
Статистика по предложениям
	Число предложений: 23
	Число различных предложений: 23
	Минимальное предложение: "أشار كارل فريدريش غاوس (1777-1855) إلى الرياضيات باسم "ملكة العلوم"."
	Максимальное предложение: "يقول البعض فقط "الرياضيات هي ما يفعله علماء الرياضيات".وتسمى ثلاثة أنواع رائدة من تعريف الرياضيات المنطق، الحدس، والشكلية، كل منها يعكس مدرسة فلسفية مختلفة."
	Минимальная длина предложения: 40 ("ليس للرياضيات تعريف مُتفق عليه بشكل عام.")
	Максимальная длина предложения: 388 ("صرح ألبرت أينشتاين (1879-1955) بأنه "بقدر ما تشير قوانين الرياضيات إلى الواقع، فهي غير مؤكدة، وبقدر ما تكون مؤكدة، فإنها لا تشير إلى الواقع".ابتداءً من القرن التاسع عشر، عندما ازدادت دراسة الرياضيات بصرامة وبدأت في معالجة الموضوعات المجردة مثل نظرية المجموعات والهندسة الإسقاطية، التي لا علاقة واضحة لها بالكمية والقياس، بدأ علماء الرياضيات والفلاسفة في اقتراح مجموعة متنوعة من التعريفات.")
	Средняя длина предложения: 118
Статистика по словам
	Число слов: 429
	Число различных слов: 294
	Минимальное слово: "إثبات"
	Максимальное слово: "يوجد"
	Минимальная длина слова: 2 ("لا")
	Максимальная длина слова: 11 ("الرمزي.تعرف")
	Средняя длина слова: 4,986
Статистика по числам
	Число чисел: 14
	Число различных чисел: 13
	Минимальное число: ٦
	Максимальное число: ١٬٠٧٨٬٩٨٠
	Минимальная длина числа: 2 (٧)
	Максимальная длина числа: 9 (١٠٬٧٨٩٫٨)
	Среднее число: ٨٠٬٤٢٣٫٢٥٧
Статистика по суммам денег
	Число сумм: 1
	Число различных сумм: 1
	Минимальная сумма: ج.م.‏ ١٠٬٧٨٩٫٨٠
	Максимальная сумма: ج.م.‏ ١٠٬٧٨٩٫٨٠
	Минимальная длина суммы: 15 (ج.م.‏ ١٠٬٧٨٩٫٨٠)
	Максимальная длина суммы: 15 (ج.م.‏ ١٠٬٧٨٩٫٨٠)
	Средняя сумма: ج.م.‏ ١٠٬٧٨٩٫٨٠
Статистика по датам
	Число дат: 1
	Число различных дат: 1
	Минимальная дата: ٠٧‏/٠٦‏/٢٠٢١
	Максимальная дата: ٠٧‏/٠٦‏/٢٠٢١
	Минимальная длина даты: 12 (٠٧‏/٠٦‏/٢٠٢١)
	Максимальная длина даты: 12 (٠٧‏/٠٦‏/٢٠٢١)
	Средняя дата: ٠٧‏/٠٦‏/٢٠٢١
