Анализируемый файл "chineseRU.in"
Статистика по предложениям
	Число предложений: 12
	Число различных предложений: 12
	Минимальное предложение: "[5] 基礎數學的知識與運用是個人與團體生活中不可或缺的一環。"
	Максимальное предложение: "許多研究雖然以純數學開始，但其过程中也發現許多應用之处。"
	Минимальная длина предложения: 26 ("[6]数学并成为許多國家及地區的教育範疇中的一部分。")
	Максимальная длина предложения: 83 ("數學對這些領域的應用通常被稱為應用數學，有時亦會激起新的數學發現，並導致全新學科的發展，例如物理学的实质性发展中建立的某些理论激发数学家对于某些问题的不同角度的思考。")
	Средняя длина предложения: 46,667
Статистика по словам
	Число слов: 44
	Число различных слов: 44
	Минимальное слово: "包括科學"
	Максимальное слово: "醫學"
	Минимальная длина слова: 1 ("至")
	Максимальная длина слова: 38 ("例如物理学的实质性发展中建立的某些理论激发数学家对于某些问题的不同角度的思考")
	Средняя длина слова: 10,182
Статистика по числам
	Число чисел: 15
	Число различных чисел: 12
	Минимальное число: 1
	Максимальное число: 1,078,980
	Минимальная длина числа: 1 (1)
	Максимальная длина числа: 9 (10,789.8)
	Среднее число: 74,228.107
Статистика по суммам денег
	Число сумм: 1
	Число различных сумм: 1
	Минимальная сумма: ￥10,789.80
	Максимальная сумма: ￥10,789.80
	Минимальная длина суммы: 10 (￥10,789.80)
	Максимальная длина суммы: 10 (￥10,789.80)
	Средняя сумма: ￥10,789.80
Статистика по датам
	Число дат: 1
	Число различных дат: 1
	Минимальная дата: 2021年6月7日
	Максимальная дата: 2021年6月7日
	Минимальная длина даты: 9 (2021年6月7日)
	Максимальная длина даты: 9 (2021年6月7日)
	Средняя дата: 2021年6月7日
