Анализируемый файл "statementRU.in"
Статистика по предложениям
	Число предложений: 42
	Число различных предложений: 42
	Минимальное предложение: "Аргументы командной строки: локаль текста, локаль вывода, файл с текстом, файл отчета."
	Максимальное предложение: "Число чисел: 40."
	Минимальная длина предложения: 13 ("Число дат: 3.")
	Максимальная длина предложения: 274 ("Для каждой категории должна собираться следующая статистика: число вхождений, число различных значений, минимальное значение, максимальное значение, минимальная длина, максимальная длина, среднее значение/длина.")
	Средняя длина предложения: 61,143
Статистика по словам
	Число слов: 271
	Число различных слов: 154
	Минимальное слово: "GK"
	Максимальное слово: "языках"
	Минимальная длина слова: 1 ("с")
	Максимальная длина слова: 14 ("TextStatistics")
	Средняя длина слова: 6,705
Статистика по числам
	Число чисел: 36
	Число различных чисел: 23
	Минимальное число: -12 345
	Максимальное число: 12 345,67
	Минимальная длина числа: 1 (3)
	Максимальная длина числа: 8 (-12 345)
	Среднее число: 230,39
Статистика по суммам денег
	Число сумм: 3
	Число различных сумм: 3
	Минимальная сумма: 100,00 ₽
	Максимальная сумма: 345,67 ₽
	Минимальная длина суммы: 8 (100,00 ₽)
	Максимальная длина суммы: 8 (100,00 ₽)
	Средняя сумма: 222,83 ₽
Статистика по датам
	Число дат: 3
	Число различных дат: 3
	Минимальная дата: 22 мая 2021 г.
	Максимальная дата: 8 июн. 2021 г.
	Минимальная длина даты: 15 (22 мая 2021 г.)
	Максимальная длина даты: 15 (22 мая 2021 г.)
	Средняя дата: 30 мая 2021 г.
